
******************************* Main Menu *********************************
* 0.Exit 1.PersonManager(ch3_2, 4, 6)                                     *
* 2.Class:Object(ch3_1) 3.CopyConstructor(ch5_1) 4.AllocatedMember(ch5_2) *
***************************************************************************
Menu item number? 2

+++++++++++ Person Class And Object Menu ++++++++++++
+ 0.Exit 1.DefualConstructor 2.Constructor          +
+ 3.ConstrucorDestructor 4.GlobalStaticLocalObjects +
+ 5.MemberInitialization 6.constParameter           +
+++++++++++++++++++++++++++++++++++++++++++++++++++++
Menu item number? 5
Person::Person(...): 0 0 false ::
Init1 i: 0, j: 0, d: 0, name: 
Person::~Person(): 0 0 false ::

Person::Person(...): 0 0 false ::
Init2 i: 6, j: 6, d: 0
Person::~Person(): 0 0 false ::

Person::Person(...):p-Init3 0 0 false ::
Init3 i: 3, j: 6, d: 0
Person::~Person():p-Init3 0 0 false ::

Person::Person(...):p-Init4-head 0 0 false ::
Init4 i: 4, j: 6, d: 0
Person::~Person():p-Init4-head 0 0 false ::

Person::Person(...):p-Init5-head 0 0 false ::
Init5 i: 5, j: 6, d: 0
Person::~Person():p-Init5-head 0 0 false ::

Person::Person(...): 0 0 false ::
p-Init6-body 0 0 false ::
Init6 i: 6, j: 6, d: 0
Person::~Person():p-Init6-body 0 0 false ::

+++++++++++ Person Class And Object Menu ++++++++++++
+ 0.Exit 1.DefualConstructor 2.Constructor          +
+ 3.ConstrucorDestructor 4.GlobalStaticLocalObjects +
+ 5.MemberInitialization 6.constParameter           +
+++++++++++++++++++++++++++++++++++++++++++++++++++++
Menu item number? 0

******************************* Main Menu *********************************
* 0.Exit 1.PersonManager(ch3_2, 4, 6)                                     *
* 2.Class:Object(ch3_1) 3.CopyConstructor(ch5_1) 4.AllocatedMember(ch5_2) *
***************************************************************************
Menu item number? 0
Good bye!!
