
******************************* Main Menu *********************************
* 0.Exit 1.PersonManager(ch3_2, 4, 6)                                     *
* 2.Class:Object(ch3_1) 3.CopyConstructor(ch5_1) 4.AllocatedMember(ch5_2) *
***************************************************************************
Menu item number? 2

+++++++++++ Person Class And Object Menu ++++++++++++
+ 0.Exit 1.DefualConstructor 2.Constructor          +
+ 3.ConstrucorDestructor 4.GlobalStaticLocalObjects +
+ 5.MemberInitialization 6.constParameter           +
+++++++++++++++++++++++++++++++++++++++++++++++++++++
Menu item number? 6
normalParameter()
Person p1("p1-name")
Person::Person(...):p1-name 0 0 false ::
Person::Person(const Person&):p1-name 0 0 false ::
normalValue(Person p)
Person::~Person():p1-name 0 0 false ::
Person::Person(const Person&):p1-name 0 0 false ::
constValue(const Person p)
Person::~Person():p1-name 0 0 false ::
normalReference(Person& p)
constReference(const Person& p)
Person::~Person():p1-name 0 0 false ::

constParameter()
const Person p2("const-p2-name")
Person::Person(...):const-p2-name 0 0 false ::
Person::Person(const Person&):const-p2-name 0 0 false ::
normalValue(Person p)
Person::~Person():const-p2-name 0 0 false ::
Person::Person(const Person&):const-p2-name 0 0 false ::
constValue(const Person p)
Person::~Person():const-p2-name 0 0 false ::
constReference(const Person& p)
Person::~Person():const-p2-name 0 0 false ::

temporaryParameter()
Person::Person(...):Person-name 0 0 false ::
normalValue(Person p)
Person::~Person():Person-name 0 0 false ::
Person::Person(...):Person-name 0 0 false ::
constValue(const Person p)
Person::~Person():Person-name 0 0 false ::
Person::Person(...):Person-name 0 0 false ::
constReference(const Person& p)
Person::~Person():Person-name 0 0 false ::

stringParameter()
printStr(string& s): name1
printConstStr(const string& s): name1
printConstStr(const string& s): name2
printConstStr(const string& s): name3

Person::Person(...):name 10 77.7 true :address:
printPerson(const Person& p)
name 10 77.7 true :address:
Person::~Person():name 10 77.7 true :address:

+++++++++++ Person Class And Object Menu ++++++++++++
+ 0.Exit 1.DefualConstructor 2.Constructor          +
+ 3.ConstrucorDestructor 4.GlobalStaticLocalObjects +
+ 5.MemberInitialization 6.constParameter           +
+++++++++++++++++++++++++++++++++++++++++++++++++++++
Menu item number? 0

******************************* Main Menu *********************************
* 0.Exit 1.PersonManager(ch3_2, 4, 6)                                     *
* 2.Class:Object(ch3_1) 3.CopyConstructor(ch5_1) 4.AllocatedMember(ch5_2) *
***************************************************************************
Menu item number? 0
Good bye!!
