
******************************* Main Menu *********************************
* 0.Exit 1.PersonManager(ch3_2, 4)                                        *
* 2.Class:Object(ch3_1) 3.CopyConstructor(ch5_1)                          *
***************************************************************************
Menu item number? 3
Person::Person(...):u 1 70 true :Gwangju:
Person::Person(const Person&):u 1 70 true :Gwangju:

+++++++++ Reference And Copy Constructor Menu ++++++++++
+ 0.Exit 1.ExplicitCopyConstructor 2.ReferenceVariable +
+ 3.ImplicitCopyConstructor 4.TemporaryObject          +
+ 5.FunctionParameterType 6.FunctionReturnType         +
+ 7.inputPerson                                        +
++++++++++++++++++++++++++++++++++++++++++++++++++++++++
Menu item number? 6
--- return_value_test() ---
call return_value()
p: Person::Person(const Person&):u 1 70 true :Gwangju:
return_value() returned
p: u 1 70 true :Gwangju:
p.set(p, 2, 80, false, Seoul)
p: p 2 80 false :Seoul:
u: u 1 70 true :Gwangju:
Person::~Person():p 2 80 false :Seoul:

--- return_reference_test() ---
call return_reference()
p: Person::Person(const Person&):u 1 70 true :Gwangju:
return_reference() returned
p.set(p, 2, 80, false, Seoul)
p: p 2 80 false :Seoul:
u: u 1 70 true :Gwangju:

call return_reference()
return_reference() returned
u: u 1 70 true :Gwangju:
r.set(p, 2, 80, false, Seoul)
r: r 2 80 false :Seoul:
u: r 2 80 false :Seoul:
Person::~Person():p 2 80 false :Seoul:

--- return_address_test() ---
call return_address()
return_address() returned
p: u 1 70 true :Gwangju:
u: u 1 70 true :Gwangju:
p.set(p, 2, 80, false, Seoul)
p: p 2 80 false :Seoul:
u: p 2 80 false :Seoul:

+++++++++ Reference And Copy Constructor Menu ++++++++++
+ 0.Exit 1.ExplicitCopyConstructor 2.ReferenceVariable +
+ 3.ImplicitCopyConstructor 4.TemporaryObject          +
+ 5.FunctionParameterType 6.FunctionReturnType         +
+ 7.inputPerson                                        +
++++++++++++++++++++++++++++++++++++++++++++++++++++++++
Menu item number? 0
Person::~Person():u 1 70 true :Gwangju:
Person::~Person():u 1 70 true :Gwangju:

******************************* Main Menu *********************************
* 0.Exit 1.PersonManager(ch3_2, 4)                                        *
* 2.Class:Object(ch3_1) 3.CopyConstructor(ch5_1)                          *
***************************************************************************
Menu item number? 0
Good bye!!
