
******************************* Main Menu *********************************
* 0.Exit 1.PersonManager(ch3_2, 4, 6)                                     *
* 2.Class:Object(ch3_1) 3.CopyConstructor(ch5_1) 4.AllocatedMember(ch5_2) *
* 5.OperatorOverload(ch7)                                                 *
***************************************************************************
Menu item number? 5

+++++++++++++++++++ Operator Overload +++++++++++++++++
+ 0.Exit 1.MemoAdd 2.Equal 3.Add 4.Assign 5.Increment +
+ 6.Shift 7.TypeConversion 8.CurrentUser              +
+++++++++++++++++++++++++++++++++++++++++++++++++++++++
Menu item number? 5
p1  : p 1 65.4 true ::
++p1: p 1 66.4 true ::
p1++: p 1 66.4 true ::
p1  : p 1 67.4 true ::
p2 = p1++
p2  : p 1 67.4 true ::
p1  : p 1 68.4 true ::
p2 = (++p1)++
p2  : p 1 69.4 true ::
p1  : p 1 70.4 true ::
p2 = ++(p1++)
p2  : p 1 71.4 true ::
p1  : p 1 71.4 true ::
p2 = ++p1++
p2  : p 1 72.4 true ::
p1  : p 1 72.4 true ::
(p2 = 2.0 + ++p1++ + 3.0) == p : true
p2  : p 1 78.4 true ::
p1  : p 1 73.4 true ::

+++++++++++++++++++ Operator Overload +++++++++++++++++
+ 0.Exit 1.MemoAdd 2.Equal 3.Add 4.Assign 5.Increment +
+ 6.Shift 7.TypeConversion 8.CurrentUser              +
+++++++++++++++++++++++++++++++++++++++++++++++++++++++
Menu item number? 0

******************************* Main Menu *********************************
* 0.Exit 1.PersonManager(ch3_2, 4, 6)                                     *
* 2.Class:Object(ch3_1) 3.CopyConstructor(ch5_1) 4.AllocatedMember(ch5_2) *
* 5.OperatorOverload(ch7)                                                 *
***************************************************************************
Menu item number? 0
Good bye!!
