
******************************* Main Menu *********************************
* 0.Exit 1.PersonManager(ch3_2, 4, 6)                                     *
* 2.Class:Object(ch3_1) 3.CopyConstructor(ch5_1) 4.AllocatedMember(ch5_2) *
* 5.OperatorOverload(ch7)                                                 *
***************************************************************************
Menu item number? 5

+++++++++++++++++++ Operator Overload +++++++++++++++++
+ 0.Exit 1.MemoAdd 2.Equal 3.Add 4.Assign 5.Increment +
+ 6.Shift 7.TypeConversion 8.CurrentUser              +
+++++++++++++++++++++++++++++++++++++++++++++++++++++++
Menu item number? 6
p1: p 1 65.4 true ::
p1 << "p1" << 11
p1: p1 11 65.4 true ::
p1 << name << 12
p1: p1-12 12 65.4 true ::
p1 >> name >> id >> c_name
name:p1-12, id:12, c_name:p1-12
(p1 << "p" << 1) == p : true
p1: p 1 65.4 true ::
p : p 1 65.4 true :Jong-ro 1-gil, Jongno-gu, Seoul:

+++++++++++++++++++ Operator Overload +++++++++++++++++
+ 0.Exit 1.MemoAdd 2.Equal 3.Add 4.Assign 5.Increment +
+ 6.Shift 7.TypeConversion 8.CurrentUser              +
+++++++++++++++++++++++++++++++++++++++++++++++++++++++
Menu item number? 0

******************************* Main Menu *********************************
* 0.Exit 1.PersonManager(ch3_2, 4, 6)                                     *
* 2.Class:Object(ch3_1) 3.CopyConstructor(ch5_1) 4.AllocatedMember(ch5_2) *
* 5.OperatorOverload(ch7)                                                 *
***************************************************************************
Menu item number? 0
Good bye!!
