
+++++++++++++++++++++ Person Structure Test Menu +++++++++++++++++++++
+ 0.Exit 1.printlnTest 2.initTest 3.getter 4.setter 5.isSameTest     +
+ 6.whatAreYouDoingTest 7.NoBoolAlphaOutput 8.BoolAlphaOutput        +
+ 9.NoBoolAlphaInputPerson 10.BoolAlphaInputPerson 11.DataTypeSize() +
++++++++++++++++++++++++++++++++++++++++++++++++++++++++++++++++++++++
Menu item number? 3
name:Hong, id:1, weight:61.1, married:1, address:Seoul Jongno-gu Nam-ro 123

+++++++++++++++++++++ Person Structure Test Menu +++++++++++++++++++++
+ 0.Exit 1.printlnTest 2.initTest 3.getter 4.setter 5.isSameTest     +
+ 6.whatAreYouDoingTest 7.NoBoolAlphaOutput 8.BoolAlphaOutput        +
+ 9.NoBoolAlphaInputPerson 10.BoolAlphaInputPerson 11.DataTypeSize() +
++++++++++++++++++++++++++++++++++++++++++++++++++++++++++++++++++++++
Menu item number? 0
Good bye!!
