
+++++++++++++++++++++ Person Structure Test Menu +++++++++++++++++++++
+ 0.Exit 1.printlnTest 2.initTest 3.getter 4.setter 5.isSameTest     +
+ 6.whatAreYouDoingTest 7.NoBoolAlphaOutput 8.BoolAlphaOutput        +
+ 9.NoBoolAlphaInputPerson 10.BoolAlphaInputPerson 11.DataTypeSize() +
++++++++++++++++++++++++++++++++++++++++++++++++++++++++++++++++++++++
Menu item number? 11
bool   size: 1
char   size: 1
short  size: 2
int    size: 4
long   size: 4
float  size: 4
double size: 8
int*   size: 4

+++++++++++++++++++++ Person Structure Test Menu +++++++++++++++++++++
+ 0.Exit 1.printlnTest 2.initTest 3.getter 4.setter 5.isSameTest     +
+ 6.whatAreYouDoingTest 7.NoBoolAlphaOutput 8.BoolAlphaOutput        +
+ 9.NoBoolAlphaInputPerson 10.BoolAlphaInputPerson 11.DataTypeSize() +
++++++++++++++++++++++++++++++++++++++++++++++++++++++++++++++++++++++
Menu item number? 0
Good bye!!
