
******************************* Main Menu *********************************
* 0.Exit 1.PersonManager(ch3_2, 4)                                        *
* 2.Class:Object(ch3_1)                                                   *
***************************************************************************
Menu item number? 1
Person::Person(...):p0 10 70 false :Gwangju Nam-gu Bongseon-dong 21:
Person::Person(...):p1 11 61.1 true :Jong-ro 1-gil, Jongno-gu, Seoul:
Person::Person(...):p2 12 52.2 false :1001, Jungang-daero, Yeonje-gu, Busan:
Person::Person(...):p3 13 83.3 true :100 Dunsan-ro Seo-gu Daejeon:
Person::Person(...):p4 14 64.4 false :88 Gongpyeong-ro, Jung-gu, Daegu:
VectorPerson::VectorPerson(10)
PersonManager::PersonManager(array[], len)
Person::Person(...):p0 10 70 false :Gwangju Nam-gu Bongseon-dong 21:
Person::Person(...):p1 11 61.1 true :Jong-ro 1-gil, Jongno-gu, Seoul:
Person::Person(...):p2 12 52.2 false :1001, Jungang-daero, Yeonje-gu, Busan:
Person::Person(...):p3 13 83.3 true :100 Dunsan-ro Seo-gu Daejeon:
Person::Person(...):p4 14 64.4 false :88 Gongpyeong-ro, Jung-gu, Daegu:
display(): count 5
[0] p0 10 70 false :Gwangju Nam-gu Bongseon-dong 21:
[1] p1 11 61.1 true :Jong-ro 1-gil, Jongno-gu, Seoul:
[2] p2 12 52.2 false :1001, Jungang-daero, Yeonje-gu, Busan:
[3] p3 13 83.3 true :100 Dunsan-ro Seo-gu Daejeon:
[4] p4 14 64.4 false :88 Gongpyeong-ro, Jung-gu, Daegu:
empty():false, size():5, capacity():10
PersonManager::run() starts

====================== Person Management Menu ===================
= 0.Exit 1.Display 2.Append 3.Clear 4.Login(CurrentUser, ch4_2) =
=================================================================
Menu item number? 2
The number of persons to append? 21
Input 21 [person information] :
Person::Person(...): 0 0 false ::
HongGilDong 0 71.5 false :Gwangju Nam-gu Bongseon-dong 21:
Person::Person(...): 0 0 false ::
LeeMongRyong 1 65 true :Jong-ro 1-gil, Jongno-gu, Seoul:
Person::Person(...): 0 0 false ::
LeeSoonShin 2 80 true :1001, Jungang-daero, Yeonje-gu, Busan:
Person::Person(...): 0 0 false ::
HongGilDong 0 71.5 false :Gwangju Nam-gu Bongseon-dong 21:
Person::Person(...): 0 0 false ::
LeeMongRyong 1 65 true :Jong-ro 1-gil, Jongno-gu, Seoul:
Person::Person(...): 0 0 false ::
LeeSoonShin 2 80 true :1001, Jungang-daero, Yeonje-gu, Busan:
VectorPerson: capacity extended to 20
Person::Person(...): 0 0 false ::
HongGilDong 0 71.5 false :Gwangju Nam-gu Bongseon-dong 21:
Person::Person(...): 0 0 false ::
LeeMongRyong 1 65 true :Jong-ro 1-gil, Jongno-gu, Seoul:
Person::Person(...): 0 0 false ::
LeeSoonShin 2 80 true :1001, Jungang-daero, Yeonje-gu, Busan:
Person::Person(...): 0 0 false ::
HongGilDong 0 71.5 false :Gwangju Nam-gu Bongseon-dong 21:
Person::Person(...): 0 0 false ::
LeeMongRyong 1 65 true :Jong-ro 1-gil, Jongno-gu, Seoul:
Person::Person(...): 0 0 false ::
LeeSoonShin 2 80 true :1001, Jungang-daero, Yeonje-gu, Busan:
Person::Person(...): 0 0 false ::
HongGilDong 0 71.5 false :Gwangju Nam-gu Bongseon-dong 21:
Person::Person(...): 0 0 false ::
LeeMongRyong 1 65 true :Jong-ro 1-gil, Jongno-gu, Seoul:
Person::Person(...): 0 0 false ::
LeeSoonShin 2 80 true :1001, Jungang-daero, Yeonje-gu, Busan:
Person::Person(...): 0 0 false ::
HongGilDong 0 71.5 false :Gwangju Nam-gu Bongseon-dong 21:
VectorPerson: capacity extended to 40
Person::Person(...): 0 0 false ::
LeeMongRyong 1 65 true :Jong-ro 1-gil, Jongno-gu, Seoul:
Person::Person(...): 0 0 false ::
LeeSoonShin 2 80 true :1001, Jungang-daero, Yeonje-gu, Busan:
Person::Person(...): 0 0 false ::
HongGilDong 0 71.5 false :Gwangju Nam-gu Bongseon-dong 21:
Person::Person(...): 0 0 false ::
LeeMongRyong 1 65 true :Jong-ro 1-gil, Jongno-gu, Seoul:
Person::Person(...): 0 0 false ::
LeeSoonShin 2 80 true :1001, Jungang-daero, Yeonje-gu, Busan:
display(): count 26
[0] p0 10 70 false :Gwangju Nam-gu Bongseon-dong 21:
[1] p1 11 61.1 true :Jong-ro 1-gil, Jongno-gu, Seoul:
[2] p2 12 52.2 false :1001, Jungang-daero, Yeonje-gu, Busan:
[3] p3 13 83.3 true :100 Dunsan-ro Seo-gu Daejeon:
[4] p4 14 64.4 false :88 Gongpyeong-ro, Jung-gu, Daegu:
[5] HongGilDong 0 71.5 false :Gwangju Nam-gu Bongseon-dong 21:
[6] LeeMongRyong 1 65 true :Jong-ro 1-gil, Jongno-gu, Seoul:
[7] LeeSoonShin 2 80 true :1001, Jungang-daero, Yeonje-gu, Busan:
[8] HongGilDong 0 71.5 false :Gwangju Nam-gu Bongseon-dong 21:
[9] LeeMongRyong 1 65 true :Jong-ro 1-gil, Jongno-gu, Seoul:
[10] LeeSoonShin 2 80 true :1001, Jungang-daero, Yeonje-gu, Busan:
[11] HongGilDong 0 71.5 false :Gwangju Nam-gu Bongseon-dong 21:
[12] LeeMongRyong 1 65 true :Jong-ro 1-gil, Jongno-gu, Seoul:
[13] LeeSoonShin 2 80 true :1001, Jungang-daero, Yeonje-gu, Busan:
[14] HongGilDong 0 71.5 false :Gwangju Nam-gu Bongseon-dong 21:
[15] LeeMongRyong 1 65 true :Jong-ro 1-gil, Jongno-gu, Seoul:
[16] LeeSoonShin 2 80 true :1001, Jungang-daero, Yeonje-gu, Busan:
[17] HongGilDong 0 71.5 false :Gwangju Nam-gu Bongseon-dong 21:
[18] LeeMongRyong 1 65 true :Jong-ro 1-gil, Jongno-gu, Seoul:
[19] LeeSoonShin 2 80 true :1001, Jungang-daero, Yeonje-gu, Busan:
[20] HongGilDong 0 71.5 false :Gwangju Nam-gu Bongseon-dong 21:
[21] LeeMongRyong 1 65 true :Jong-ro 1-gil, Jongno-gu, Seoul:
[22] LeeSoonShin 2 80 true :1001, Jungang-daero, Yeonje-gu, Busan:
[23] HongGilDong 0 71.5 false :Gwangju Nam-gu Bongseon-dong 21:
[24] LeeMongRyong 1 65 true :Jong-ro 1-gil, Jongno-gu, Seoul:
[25] LeeSoonShin 2 80 true :1001, Jungang-daero, Yeonje-gu, Busan:
empty():false, size():26, capacity():40

====================== Person Management Menu ===================
= 0.Exit 1.Display 2.Append 3.Clear 4.Login(CurrentUser, ch4_2) =
=================================================================
Menu item number? 0
PersonManager::run() returned
Person::~Person():p0 10 70 false :Gwangju Nam-gu Bongseon-dong 21:
Person::~Person():p1 11 61.1 true :Jong-ro 1-gil, Jongno-gu, Seoul:
Person::~Person():p2 12 52.2 false :1001, Jungang-daero, Yeonje-gu, Busan:
Person::~Person():p3 13 83.3 true :100 Dunsan-ro Seo-gu Daejeon:
Person::~Person():p4 14 64.4 false :88 Gongpyeong-ro, Jung-gu, Daegu:
Person::~Person():HongGilDong 0 71.5 false :Gwangju Nam-gu Bongseon-dong 21:
Person::~Person():LeeMongRyong 1 65 true :Jong-ro 1-gil, Jongno-gu, Seoul:
Person::~Person():LeeSoonShin 2 80 true :1001, Jungang-daero, Yeonje-gu, Busan:
Person::~Person():HongGilDong 0 71.5 false :Gwangju Nam-gu Bongseon-dong 21:
Person::~Person():LeeMongRyong 1 65 true :Jong-ro 1-gil, Jongno-gu, Seoul:
Person::~Person():LeeSoonShin 2 80 true :1001, Jungang-daero, Yeonje-gu, Busan:
Person::~Person():HongGilDong 0 71.5 false :Gwangju Nam-gu Bongseon-dong 21:
Person::~Person():LeeMongRyong 1 65 true :Jong-ro 1-gil, Jongno-gu, Seoul:
Person::~Person():LeeSoonShin 2 80 true :1001, Jungang-daero, Yeonje-gu, Busan:
Person::~Person():HongGilDong 0 71.5 false :Gwangju Nam-gu Bongseon-dong 21:
Person::~Person():LeeMongRyong 1 65 true :Jong-ro 1-gil, Jongno-gu, Seoul:
Person::~Person():LeeSoonShin 2 80 true :1001, Jungang-daero, Yeonje-gu, Busan:
Person::~Person():HongGilDong 0 71.5 false :Gwangju Nam-gu Bongseon-dong 21:
Person::~Person():LeeMongRyong 1 65 true :Jong-ro 1-gil, Jongno-gu, Seoul:
Person::~Person():LeeSoonShin 2 80 true :1001, Jungang-daero, Yeonje-gu, Busan:
Person::~Person():HongGilDong 0 71.5 false :Gwangju Nam-gu Bongseon-dong 21:
Person::~Person():LeeMongRyong 1 65 true :Jong-ro 1-gil, Jongno-gu, Seoul:
Person::~Person():LeeSoonShin 2 80 true :1001, Jungang-daero, Yeonje-gu, Busan:
Person::~Person():HongGilDong 0 71.5 false :Gwangju Nam-gu Bongseon-dong 21:
Person::~Person():LeeMongRyong 1 65 true :Jong-ro 1-gil, Jongno-gu, Seoul:
Person::~Person():LeeSoonShin 2 80 true :1001, Jungang-daero, Yeonje-gu, Busan:
display(): count 0
empty():true, size():0, capacity():40
VectorPerson::~VectorPerson(): pVector deleted
Person::~Person():p4 14 64.4 false :88 Gongpyeong-ro, Jung-gu, Daegu:
Person::~Person():p3 13 83.3 true :100 Dunsan-ro Seo-gu Daejeon:
Person::~Person():p2 12 52.2 false :1001, Jungang-daero, Yeonje-gu, Busan:
Person::~Person():p1 11 61.1 true :Jong-ro 1-gil, Jongno-gu, Seoul:
Person::~Person():p0 10 70 false :Gwangju Nam-gu Bongseon-dong 21:

******************************* Main Menu *********************************
* 0.Exit 1.PersonManager(ch3_2, 4)                                        *
* 2.Class:Object(ch3_1)                                                   *
***************************************************************************
Menu item number? 0
Good bye!!
