
******************************* Main Menu *********************************
* 0.Exit 1.PersonManager(ch3_2, 4)                                        *
* 2.Class:Object(ch3_1) 3.CopyConstructor(ch5_1) 4.AllocatedMember(ch5_2) *
***************************************************************************
Menu item number? 4
Person::Person(...):u 1 70 true :NAMDAEMUN-RO 123, JONGNO-GU, SEOUL, KOREA:

++++++++++++++++ Allocated Member Menu ++++++++++++++++
+ 0.Exit 1.ChangeAddress 2.ChangeMemo 3.UsingMemoMenu +
+ 4.CopyConstructor 5.NullptrMember 6.inputPerson     +
+++++++++++++++++++++++++++++++++++++++++++++++++++++++
Menu item number? 4
u: u 1 70 true :NAMDAEMUN-RO 123, JONGNO-GU, SEOUL, KOREA:
------ u memo ------
It is believed that the Aborigines of the American continent
--------------------

Person p1(u)
p1: Person::Person(const Person&):u 1 70 true :NAMDAEMUN-RO 123, JONGNO-GU, SEOUL, KOREA:
p1 1 70 true :NAMDAEMUN-RO 123, JONGNO-GU, SEOUL, KOREA:
------ p1 memo ------
It is believed that the Aborigines of the American continent
--------------------

Person p2 = call_by_value_and_return_value(p1)
p: Person::Person(const Person&):p1 1 70 true :NAMDAEMUN-RO 123, JONGNO-GU, SEOUL, KOREA:
p.setName(p)
p2: Person::Person(const Person&):p 1 70 true :NAMDAEMUN-RO 123, JONGNO-GU, SEOUL, KOREA:
Person::~Person():p 1 70 true :NAMDAEMUN-RO 123, JONGNO-GU, SEOUL, KOREA:
address, memo_c_str deleted
call_by_value_and_return_value(p1) returned

p2.setName(p2)
p2 1 70 true :NAMDAEMUN-RO 123, JONGNO-GU, SEOUL, KOREA:
------ p2 memo ------
It is believed that the Aborigines of the American continent
--------------------

copyConstructor() returns
Person::~Person():p2 1 70 true :NAMDAEMUN-RO 123, JONGNO-GU, SEOUL, KOREA:
address, memo_c_str deleted
Person::~Person():p1 1 70 true :NAMDAEMUN-RO 123, JONGNO-GU, SEOUL, KOREA:
address, memo_c_str deleted

++++++++++++++++ Allocated Member Menu ++++++++++++++++
+ 0.Exit 1.ChangeAddress 2.ChangeMemo 3.UsingMemoMenu +
+ 4.CopyConstructor 5.NullptrMember 6.inputPerson     +
+++++++++++++++++++++++++++++++++++++++++++++++++++++++
Menu item number? 0
Person::~Person():u 1 70 true :NAMDAEMUN-RO 123, JONGNO-GU, SEOUL, KOREA:
address, memo_c_str deleted

******************************* Main Menu *********************************
* 0.Exit 1.PersonManager(ch3_2, 4)                                        *
* 2.Class:Object(ch3_1) 3.CopyConstructor(ch5_1) 4.AllocatedMember(ch5_2) *
***************************************************************************
Menu item number? 0
Good bye!!
