
******************************* Main Menu *********************************
* 0.Exit 1.PersonManager(ch3_2, 4)                                        *
* 2.Class:Object(ch3_1) 3.CopyConstructor(ch5_1) 4.AllocatedMember(ch5_2) *
***************************************************************************
Menu item number? 4
Person::Person(...):u 1 70 true :NAMDAEMUN-RO 123, JONGNO-GU, SEOUL, KOREA:

++++++++++++++++ Allocated Member Menu ++++++++++++++++
+ 0.Exit 1.ChangeAddress 2.ChangeMemo 3.UsingMemoMenu +
+ 4.CopyConstructor 5.NullptrMember 6.inputPerson     +
+++++++++++++++++++++++++++++++++++++++++++++++++++++++
Menu item number? 2
Person::Person(...):p 1 70 true :Gwangju:
p.setMemo(memo)
------ p memo ------
short memo
--------------------

p.setMemo(memo)
old memo_c_str deleted
------ p memo ------
middle long memo: The Last of the Mohicans
--------------------

p.setMemo(memo)
old memo_c_str deleted
------ p memo ------
It is believed that the Aborigines of the American continent
--------------------

Person::~Person():p 1 70 true :Gwangju:
address, memo_c_str deleted

++++++++++++++++ Allocated Member Menu ++++++++++++++++
+ 0.Exit 1.ChangeAddress 2.ChangeMemo 3.UsingMemoMenu +
+ 4.CopyConstructor 5.NullptrMember 6.inputPerson     +
+++++++++++++++++++++++++++++++++++++++++++++++++++++++
Menu item number? 0
Person::~Person():u 1 70 true :NAMDAEMUN-RO 123, JONGNO-GU, SEOUL, KOREA:
address, memo_c_str deleted

******************************* Main Menu *********************************
* 0.Exit 1.PersonManager(ch3_2, 4)                                        *
* 2.Class:Object(ch3_1) 3.CopyConstructor(ch5_1) 4.AllocatedMember(ch5_2) *
***************************************************************************
Menu item number? 0
Good bye!!
