
******************************* Main Menu *********************************
* 0.Exit 1.Class:Object(ch3_1)                                            *
***************************************************************************
Menu item number? 1

+++++++++++ Person Class And Object Menu ++++++++++++
+ 0.Exit 1.DefualConstructor 2.Constructor          +
+ 3.ConstrucorDestructor 4.GlobalStaticLocalObjects +
+++++++++++++++++++++++++++++++++++++++++++++++++++++
Menu item number? 3
Person::Person("ps1"):ps1 0 0 false ::

--- construcor_destructor_inner() begins ---
Person::Person("ps2"):ps2 0 0 false ::

--- construcor_destructor_inner_inner() begins ---
Person::Person("ps3"):ps3 0 0 false ::

- if begins -
Person::Person("ps4"):ps4 0 0 false ::
Person::~Person():ps4 0 0 false ::
- if ends -

- temporary object begins -
Person::Person("temp_ps_1"):temp_ps_1 0 0 false ::
Person::~Person():temp_ps_1 0 0 false ::

Person::Person("temp_ps_2"):temp_ps_2 0 0 false ::
Person::~Person():TEMP_PS_2 0 0 false ::
- temporary object ends -

Person::Person("ps5"):ps5 0 0 false ::
Person::~Person():ps5 0 0 false ::
Person::~Person():ps3 0 0 false ::
--- construcor_destructor_inner_inner() returned ---

Person::Person("ps6"):ps6 0 0 false ::
Person::~Person():ps6 0 0 false ::
Person::~Person():ps2 0 0 false ::
--- construcor_destructor_inner() returned ---

Person::~Person():ps1 0 0 false ::

+++++++++++ Person Class And Object Menu ++++++++++++
+ 0.Exit 1.DefualConstructor 2.Constructor          +
+ 3.ConstrucorDestructor 4.GlobalStaticLocalObjects +
+++++++++++++++++++++++++++++++++++++++++++++++++++++
Menu item number? 0

******************************* Main Menu *********************************
* 0.Exit 1.Class:Object(ch3_1)                                            *
***************************************************************************
Menu item number? 0
Good bye!!
