
******************************* Main Menu *********************************
* 0.Exit 1.PersonManager(ch3_2, 4, 6, 7_2, 8, 9)                          *
* 2.Class:Object(ch3_1) 3.CopyConstructor(ch5_1) 4.AllocatedMember(ch5_2) *
* 5.OperatorOverload(ch7_1) 6.Inheritance(ch8)                            *
***************************************************************************
Menu item number? 1
PersonManager::run() starts

====================== Person Management Menu ===================
= 0.Exit 1.Display 2.Append 3.Clear 4.Login(CurrentUser, ch9)   =
= 5.Insert(6_2) 6.Delete(6_2) 7.CopyPersons(7_3) 8.Reset(7_3)   =
= 9.Find(9_2) 10.DispAlbaStud(9_2) 11.DispPhones(9_2)           =
=================================================================
Menu item number? 4
user name: w1
password: 

+++++++++++++++++++++ Current User Menu ++++++++++++++++++++++++
+ 0.Logout 1.Display 2.Getter 3.Setter 4.Set 5.WhatAreYouDoing +
+ 6.IsSame 7.InputPerson 8.ChangePasswd(4_2) 9.ManageMemo(4_3) +
+ 10.DefaultParameter(6_1) 11.StaticMember(6_1) 15.CalExp(9_2) +
+ 12.ChangeSmartPhone(9_2) 13.Calculate(9_2) 14.PhoneCall(9_2) +
++++++++++++++++++++++++++++++++++++++++++++++++++++++++++++++++
Menu item number? 13
Expression: 2 + 3 = 5 @ w1's Galaxy Calculator

+++++++++++++++++++++ Current User Menu ++++++++++++++++++++++++
+ 0.Logout 1.Display 2.Getter 3.Setter 4.Set 5.WhatAreYouDoing +
+ 6.IsSame 7.InputPerson 8.ChangePasswd(4_2) 9.ManageMemo(4_3) +
+ 10.DefaultParameter(6_1) 11.StaticMember(6_1) 15.CalExp(9_2) +
+ 12.ChangeSmartPhone(9_2) 13.Calculate(9_2) 14.PhoneCall(9_2) +
++++++++++++++++++++++++++++++++++++++++++++++++++++++++++++++++
Menu item number? 13
Expression: 2 - 3 = -1 @ w1's Galaxy Calculator

+++++++++++++++++++++ Current User Menu ++++++++++++++++++++++++
+ 0.Logout 1.Display 2.Getter 3.Setter 4.Set 5.WhatAreYouDoing +
+ 6.IsSame 7.InputPerson 8.ChangePasswd(4_2) 9.ManageMemo(4_3) +
+ 10.DefaultParameter(6_1) 11.StaticMember(6_1) 15.CalExp(9_2) +
+ 12.ChangeSmartPhone(9_2) 13.Calculate(9_2) 14.PhoneCall(9_2) +
++++++++++++++++++++++++++++++++++++++++++++++++++++++++++++++++
Menu item number? 13
Expression: 2 * 3 = 6 @ w1's Galaxy Calculator

+++++++++++++++++++++ Current User Menu ++++++++++++++++++++++++
+ 0.Logout 1.Display 2.Getter 3.Setter 4.Set 5.WhatAreYouDoing +
+ 6.IsSame 7.InputPerson 8.ChangePasswd(4_2) 9.ManageMemo(4_3) +
+ 10.DefaultParameter(6_1) 11.StaticMember(6_1) 15.CalExp(9_2) +
+ 12.ChangeSmartPhone(9_2) 13.Calculate(9_2) 14.PhoneCall(9_2) +
++++++++++++++++++++++++++++++++++++++++++++++++++++++++++++++++
Menu item number? 13
Expression: 3 / 2 = 1.5 @ w1's Galaxy Calculator

+++++++++++++++++++++ Current User Menu ++++++++++++++++++++++++
+ 0.Logout 1.Display 2.Getter 3.Setter 4.Set 5.WhatAreYouDoing +
+ 6.IsSame 7.InputPerson 8.ChangePasswd(4_2) 9.ManageMemo(4_3) +
+ 10.DefaultParameter(6_1) 11.StaticMember(6_1) 15.CalExp(9_2) +
+ 12.ChangeSmartPhone(9_2) 13.Calculate(9_2) 14.PhoneCall(9_2) +
++++++++++++++++++++++++++++++++++++++++++++++++++++++++++++++++
Menu item number? 13
Expression: 1 % 2 = NOT supported operator @ w1's Galaxy Calculator

+++++++++++++++++++++ Current User Menu ++++++++++++++++++++++++
+ 0.Logout 1.Display 2.Getter 3.Setter 4.Set 5.WhatAreYouDoing +
+ 6.IsSame 7.InputPerson 8.ChangePasswd(4_2) 9.ManageMemo(4_3) +
+ 10.DefaultParameter(6_1) 11.StaticMember(6_1) 15.CalExp(9_2) +
+ 12.ChangeSmartPhone(9_2) 13.Calculate(9_2) 14.PhoneCall(9_2) +
++++++++++++++++++++++++++++++++++++++++++++++++++++++++++++++++
Menu item number? 0

====================== Person Management Menu ===================
= 0.Exit 1.Display 2.Append 3.Clear 4.Login(CurrentUser, ch9)   =
= 5.Insert(6_2) 6.Delete(6_2) 7.CopyPersons(7_3) 8.Reset(7_3)   =
= 9.Find(9_2) 10.DispAlbaStud(9_2) 11.DispPhones(9_2)           =
=================================================================
Menu item number? 4
user name: w2
password: 

+++++++++++++++++++++ Current User Menu ++++++++++++++++++++++++
+ 0.Logout 1.Display 2.Getter 3.Setter 4.Set 5.WhatAreYouDoing +
+ 6.IsSame 7.InputPerson 8.ChangePasswd(4_2) 9.ManageMemo(4_3) +
+ 10.DefaultParameter(6_1) 11.StaticMember(6_1) 15.CalExp(9_2) +
+ 12.ChangeSmartPhone(9_2) 13.Calculate(9_2) 14.PhoneCall(9_2) +
++++++++++++++++++++++++++++++++++++++++++++++++++++++++++++++++
Menu item number? 13
Expression: w2's IPhone 13 Calculator: 2 + 3 = 5

+++++++++++++++++++++ Current User Menu ++++++++++++++++++++++++
+ 0.Logout 1.Display 2.Getter 3.Setter 4.Set 5.WhatAreYouDoing +
+ 6.IsSame 7.InputPerson 8.ChangePasswd(4_2) 9.ManageMemo(4_3) +
+ 10.DefaultParameter(6_1) 11.StaticMember(6_1) 15.CalExp(9_2) +
+ 12.ChangeSmartPhone(9_2) 13.Calculate(9_2) 14.PhoneCall(9_2) +
++++++++++++++++++++++++++++++++++++++++++++++++++++++++++++++++
Menu item number? 13
Expression: w2's IPhone 13 Calculator: 2 - 3 = -1

+++++++++++++++++++++ Current User Menu ++++++++++++++++++++++++
+ 0.Logout 1.Display 2.Getter 3.Setter 4.Set 5.WhatAreYouDoing +
+ 6.IsSame 7.InputPerson 8.ChangePasswd(4_2) 9.ManageMemo(4_3) +
+ 10.DefaultParameter(6_1) 11.StaticMember(6_1) 15.CalExp(9_2) +
+ 12.ChangeSmartPhone(9_2) 13.Calculate(9_2) 14.PhoneCall(9_2) +
++++++++++++++++++++++++++++++++++++++++++++++++++++++++++++++++
Menu item number? 13
Expression: w2's IPhone 13 Calculator: 2 * 3 = 6

+++++++++++++++++++++ Current User Menu ++++++++++++++++++++++++
+ 0.Logout 1.Display 2.Getter 3.Setter 4.Set 5.WhatAreYouDoing +
+ 6.IsSame 7.InputPerson 8.ChangePasswd(4_2) 9.ManageMemo(4_3) +
+ 10.DefaultParameter(6_1) 11.StaticMember(6_1) 15.CalExp(9_2) +
+ 12.ChangeSmartPhone(9_2) 13.Calculate(9_2) 14.PhoneCall(9_2) +
++++++++++++++++++++++++++++++++++++++++++++++++++++++++++++++++
Menu item number? 13
Expression: w2's IPhone 13 Calculator: 3 / 2 = 1.5

+++++++++++++++++++++ Current User Menu ++++++++++++++++++++++++
+ 0.Logout 1.Display 2.Getter 3.Setter 4.Set 5.WhatAreYouDoing +
+ 6.IsSame 7.InputPerson 8.ChangePasswd(4_2) 9.ManageMemo(4_3) +
+ 10.DefaultParameter(6_1) 11.StaticMember(6_1) 15.CalExp(9_2) +
+ 12.ChangeSmartPhone(9_2) 13.Calculate(9_2) 14.PhoneCall(9_2) +
++++++++++++++++++++++++++++++++++++++++++++++++++++++++++++++++
Menu item number? 13
Expression: w2's IPhone 13 Calculator: NOT supported operator

+++++++++++++++++++++ Current User Menu ++++++++++++++++++++++++
+ 0.Logout 1.Display 2.Getter 3.Setter 4.Set 5.WhatAreYouDoing +
+ 6.IsSame 7.InputPerson 8.ChangePasswd(4_2) 9.ManageMemo(4_3) +
+ 10.DefaultParameter(6_1) 11.StaticMember(6_1) 15.CalExp(9_2) +
+ 12.ChangeSmartPhone(9_2) 13.Calculate(9_2) 14.PhoneCall(9_2) +
++++++++++++++++++++++++++++++++++++++++++++++++++++++++++++++++
Menu item number? 0

====================== Person Management Menu ===================
= 0.Exit 1.Display 2.Append 3.Clear 4.Login(CurrentUser, ch9)   =
= 5.Insert(6_2) 6.Delete(6_2) 7.CopyPersons(7_3) 8.Reset(7_3)   =
= 9.Find(9_2) 10.DispAlbaStud(9_2) 11.DispPhones(9_2)           =
=================================================================
Menu item number? 0
PersonManager::run() returned

******************************* Main Menu *********************************
* 0.Exit 1.PersonManager(ch3_2, 4, 6, 7_2, 8, 9)                          *
* 2.Class:Object(ch3_1) 3.CopyConstructor(ch5_1) 4.AllocatedMember(ch5_2) *
* 5.OperatorOverload(ch7_1) 6.Inheritance(ch8)                            *
***************************************************************************
Menu item number? 0
Good bye!!
