
******************************* Main Menu *********************************
* 0.Exit 1.PersonManager(ch3_2, 4, 6, 7_2, 8, 9)                          *
* 2.Class:Object(ch3_1) 3.CopyConstructor(ch5_1) 4.AllocatedMember(ch5_2) *
* 5.OperatorOverload(ch7_1) 6.Inheritance(ch8)                            *
***************************************************************************
Menu item number? 1
PersonManager::run() starts

====================== Person Management Menu ===================
= 0.Exit 1.Display 2.Append 3.Clear 4.Login(CurrentUser, ch9)   =
= 5.Insert(6_2) 6.Delete(6_2) 7.CopyPersons(7_3) 8.Reset(7_3)   =
= 9.Find(9_2) 10.DispAlbaStud(9_2) 11.DispPhones(9_2)           =
=================================================================
Menu item number? 2
The number of persons to append? 2
Input 2 [delimiter(P, S, W, or A)] [person information] :
S s1 1 67.4 true :Seoul: Physics 3.3 1
S s1 1 77.4 false :Jongno-gu: Physics 3.5 1
display(): count 10
[0] p0 10 70 false :Gwangju Nam-gu Bongseon-dong 21:
[1] p1 11 61.1 true :Jong-ro 1-gil, Jongno-gu, Seoul:
[2] s1 1 65.4 true :Jongno-gu Seoul: Physics 3.8 1
[3] s2 2 54.3 false :Yeonje-gu Busan: Electronics 2.5 4
[4] w1 3 33.3 false :Kangnam-gu Seoul: Samsung Director
[5] w2 4 44.4 true :Dobong-gu Kwangju: Hyundai Manager
[6] a1 5 55.5 true :Dong-gu Incheon: Computer 3.5 2 Hyundai Labor :CU KangNam,Seven Eleven,GSStore Suwon: false
[7] a2 6 66.6 false :Sasang-gu Sejong: History 3.1 1 Kia CEO :Seven Eveven,eMart Jinju,CU Bongsun: true
[8] s1 1 67.4 true :Seoul: Physics 3.3 1
[9] s1 1 77.4 false :Jongno-gu: Physics 3.5 1

====================== Person Management Menu ===================
= 0.Exit 1.Display 2.Append 3.Clear 4.Login(CurrentUser, ch9)   =
= 5.Insert(6_2) 6.Delete(6_2) 7.CopyPersons(7_3) 8.Reset(7_3)   =
= 9.Find(9_2) 10.DispAlbaStud(9_2) 11.DispPhones(9_2)           =
=================================================================
Menu item number? 9
Input [delimiter(P, S, W, or A)] [person information] to find by operator ==
S s1 1 0 false :: Physics 0 1
[2] s1 1 65.4 true :Jongno-gu Seoul: Physics 3.8 1
[8] s1 1 67.4 true :Seoul: Physics 3.3 1
[9] s1 1 77.4 false :Jongno-gu: Physics 3.5 1

====================== Person Management Menu ===================
= 0.Exit 1.Display 2.Append 3.Clear 4.Login(CurrentUser, ch9)   =
= 5.Insert(6_2) 6.Delete(6_2) 7.CopyPersons(7_3) 8.Reset(7_3)   =
= 9.Find(9_2) 10.DispAlbaStud(9_2) 11.DispPhones(9_2)           =
=================================================================
Menu item number? 9
Input [delimiter(P, S, W, or A)] [person information] to find by operator ==
S s1 1 0 false :: Biology 0 1
NOT found by operator ==
====================== Person Management Menu ===================
= 0.Exit 1.Display 2.Append 3.Clear 4.Login(CurrentUser, ch9)   =
= 5.Insert(6_2) 6.Delete(6_2) 7.CopyPersons(7_3) 8.Reset(7_3)   =
= 9.Find(9_2) 10.DispAlbaStud(9_2) 11.DispPhones(9_2)           =
=================================================================
Menu item number? 0
PersonManager::run() returned

******************************* Main Menu *********************************
* 0.Exit 1.PersonManager(ch3_2, 4, 6, 7_2, 8, 9)                          *
* 2.Class:Object(ch3_1) 3.CopyConstructor(ch5_1) 4.AllocatedMember(ch5_2) *
* 5.OperatorOverload(ch7_1) 6.Inheritance(ch8)                            *
***************************************************************************
Menu item number? 0
Good bye!!
