
******************************* Main Menu *********************************
* 0.Exit 1.PersonManager(ch3_2, 4, 6, 7_2, 8, 9)                          *
* 2.Class:Object(ch3_1) 3.CopyConstructor(ch5_1) 4.AllocatedMember(ch5_2) *
* 5.OperatorOverload(ch7_1) 6.Inheritance(ch8)                            *
***************************************************************************
Menu item number? 1
PersonManager::run() starts

====================== Person Management Menu ===================
= 0.Exit 1.Display 2.Append 3.Clear 4.Login(CurrentUser, ch9)   =
= 5.Insert(6_2) 6.Delete(6_2) 7.CopyPersons(7_3) 8.Reset(7_3)   =
= 9.Find(9_2) 10.DispAlbaStud(9_2) 11.DispPhones(9_2)           =
=================================================================
Menu item number? 11
dispPhones(): count 8
[0] p0's Phone: Apple IPhone 13
[1] p1's Phone: SAMSUNG Galaxy
[2] s1's Phone: SAMSUNG Galaxy
[3] s2's Phone: Apple IPhone 13
[4] w1's Phone: SAMSUNG Galaxy
[5] w2's Phone: Apple IPhone 13
[6] a1's Phone: SAMSUNG Galaxy
[7] a2's Phone: Apple IPhone 13

====================== Person Management Menu ===================
= 0.Exit 1.Display 2.Append 3.Clear 4.Login(CurrentUser, ch9)   =
= 5.Insert(6_2) 6.Delete(6_2) 7.CopyPersons(7_3) 8.Reset(7_3)   =
= 9.Find(9_2) 10.DispAlbaStud(9_2) 11.DispPhones(9_2)           =
=================================================================
Menu item number? 2
The number of persons to append? 7
Input 7 [delimiter(P, S, W, or A)] [person information] :
P p3 11 83.3 true :100 Dunsan-ro Seo-gu Daejeon:
S s3 12 71.5 false :Gwangju Nam-gu Bongseon-dong 21: Computer 3.3 2
W w3 13 65 true :Jong-ro 1-gil, Jongno-gu, Seoul: Kia CEO
A a3 14 54 false :Dong-gu, Incheon: Physics 3.8 1 Kakao Manager :SK, LG, KAI: true
S s4 15 80 true :1001, Jungang-daero, Yeonje-gu, Busan: Biology 3.8 3
W w4 16 77 false :Buk-ro 3, Kangdong-gu, Seoul: Naver Department-Head
A a4 17 88 true :Kangdong-gu, Daejeon: Electronics 3.4 2 NC Developer :CU, GS: false
display(): count 15
[0] p0 10 70 false :Gwangju Nam-gu Bongseon-dong 21:
[1] p1 11 61.1 true :Jong-ro 1-gil, Jongno-gu, Seoul:
[2] s1 1 65.4 true :Jongno-gu Seoul: Physics 3.8 1
[3] s2 2 54.3 false :Yeonje-gu Busan: Electronics 2.5 4
[4] w1 3 33.3 false :Kangnam-gu Seoul: Samsung Director
[5] w2 4 44.4 true :Dobong-gu Kwangju: Hyundai Manager
[6] a1 5 55.5 true :Dong-gu Incheon: Computer 3.5 2 Hyundai Labor :CU KangNam,Seven Eleven,GSStore Suwon: false
[7] a2 6 66.6 false :Sasang-gu Sejong: History 3.1 1 Kia CEO :Seven Eveven,eMart Jinju,CU Bongsun: true
[8] p3 11 83.3 true :100 Dunsan-ro Seo-gu Daejeon:
[9] s3 12 71.5 false :Gwangju Nam-gu Bongseon-dong 21: Computer 3.3 2
[10] w3 13 65 true :Jong-ro 1-gil, Jongno-gu, Seoul: Kia CEO
[11] a3 14 54 false :Dong-gu, Incheon: Physics 3.8 1 Kakao Manager :SK, LG, KAI: true
[12] s4 15 80 true :1001, Jungang-daero, Yeonje-gu, Busan: Biology 3.8 3
[13] w4 16 77 false :Buk-ro 3, Kangdong-gu, Seoul: Naver Department-Head
[14] a4 17 88 true :Kangdong-gu, Daejeon: Electronics 3.4 2 NC Developer :CU, GS: false

====================== Person Management Menu ===================
= 0.Exit 1.Display 2.Append 3.Clear 4.Login(CurrentUser, ch9)   =
= 5.Insert(6_2) 6.Delete(6_2) 7.CopyPersons(7_3) 8.Reset(7_3)   =
= 9.Find(9_2) 10.DispAlbaStud(9_2) 11.DispPhones(9_2)           =
=================================================================
Menu item number? 11
dispPhones(): count 15
[0] p0's Phone: Apple IPhone 13
[1] p1's Phone: SAMSUNG Galaxy
[2] s1's Phone: SAMSUNG Galaxy
[3] s2's Phone: Apple IPhone 13
[4] w1's Phone: SAMSUNG Galaxy
[5] w2's Phone: Apple IPhone 13
[6] a1's Phone: SAMSUNG Galaxy
[7] a2's Phone: Apple IPhone 13
[8] p3's Phone: SAMSUNG Galaxy
[9] s3's Phone: Apple IPhone 13
[10] w3's Phone: SAMSUNG Galaxy
[11] a3's Phone: Apple IPhone 13
[12] s4's Phone: SAMSUNG Galaxy
[13] w4's Phone: Apple IPhone 13
[14] a4's Phone: SAMSUNG Galaxy

====================== Person Management Menu ===================
= 0.Exit 1.Display 2.Append 3.Clear 4.Login(CurrentUser, ch9)   =
= 5.Insert(6_2) 6.Delete(6_2) 7.CopyPersons(7_3) 8.Reset(7_3)   =
= 9.Find(9_2) 10.DispAlbaStud(9_2) 11.DispPhones(9_2)           =
=================================================================
Menu item number? 0
PersonManager::run() returned

******************************* Main Menu *********************************
* 0.Exit 1.PersonManager(ch3_2, 4, 6, 7_2, 8, 9)                          *
* 2.Class:Object(ch3_1) 3.CopyConstructor(ch5_1) 4.AllocatedMember(ch5_2) *
* 5.OperatorOverload(ch7_1) 6.Inheritance(ch8)                            *
***************************************************************************
Menu item number? 5

+++++++++++++++++++ Operator Overload +++++++++++++++++
+ 0.Exit 1.MemoAdd 2.Equal 3.Add 4.Assign 5.Increment +
+ 6.Shift 7.TypeConversion 8.CurrentUser 9.VectorOOL  +
+++++++++++++++++++++++++++++++++++++++++++++++++++++++
Menu item number? 4
p:  p 1 65.4 true :Jong-ro 1-gil, Jongno-gu, Seoul:
p  smartPhone: p's Phone: SAMSUNG Galaxy
Person p2;
p2:  0 0 false ::
p2 smartPhone: 's Phone: Apple IPhone 13
p2 = p
p2: p 1 65.4 true :Jong-ro 1-gil, Jongno-gu, Seoul:
p2 smartPhone: p's Phone: SAMSUNG Galaxy
Person p3(...);
p3: Hong 0 72.1 false :Gwangju Nam-gu Bongseon-dong 21:
p3 smartPhone: Hong's Phone: Apple IPhone 13
p3 = 20.0 + p2 + 30.5
p3: p 1 115.9 true :Jong-ro 1-gil, Jongno-gu, Seoul:
p3 smartPhone: p's Phone: SAMSUNG Galaxy
p == p3 : true

+++++++++++++++++++ Operator Overload +++++++++++++++++
+ 0.Exit 1.MemoAdd 2.Equal 3.Add 4.Assign 5.Increment +
+ 6.Shift 7.TypeConversion 8.CurrentUser 9.VectorOOL  +
+++++++++++++++++++++++++++++++++++++++++++++++++++++++
Menu item number? 0

******************************* Main Menu *********************************
* 0.Exit 1.PersonManager(ch3_2, 4, 6, 7_2, 8, 9)                          *
* 2.Class:Object(ch3_1) 3.CopyConstructor(ch5_1) 4.AllocatedMember(ch5_2) *
* 5.OperatorOverload(ch7_1) 6.Inheritance(ch8)                            *
***************************************************************************
Menu item number? 0
Good bye!!
