
******************************* Main Menu *********************************
* 0.Exit 1.PersonManager(ch3_2, 4, 6)                                     *
* 2.Class:Object(ch3_1) 3.CopyConstructor(ch5_1) 4.AllocatedMember(ch5_2) *
* 5.OperatorOverload(ch7)                                                 *
***************************************************************************
Menu item number? 5

+++++++++++++++++++ Operator Overload +++++++++++++++++
+ 0.Exit 1.MemoAdd 2.Equal 3.Add 4.Assign 5.Increment +
+ 6.Shift 7.TypeConversion 8.CurrentUser 9.VectorOOL  +
+++++++++++++++++++++++++++++++++++++++++++++++++++++++
Menu item number? 9
pv1: count 2
[0] Hong  0 72.1 true ::
[1] Mong  1 65.4 true ::

pv2: count 3
[0] Choon 3 56.7 true ::
[1] Soon  2 87.6 true ::
[2] Chung 4 67.8 true ::


+++++++++++++ Vector Operator Overload ++++++++++++++
+ 0.Exit 1.operator[] 2.operator! 3.CopyConstructor +
+ 4.operator= 5.operator+ 6.operator=+              +
+++++++++++++++++++++++++++++++++++++++++++++++++++++
Menu item number? 3
VectorPerson pv3 = pv2
VectorPerson::VectorPerson(const VectorPerson& vp)
pv3: count 3
[0] Choon 3 56.7 true ::
[1] Soon  2 87.6 true ::
[2] Chung 4 67.8 true ::

pv3.erase(0)
pv3: count 2
[0] Soon  2 87.6 true ::
[1] Chung 4 67.8 true ::

pv2: count 3
[0] Choon 3 56.7 true ::
[1] Soon  2 87.6 true ::
[2] Chung 4 67.8 true ::

disp_vector(call_return_value(vp2))
VectorPerson::VectorPerson(const VectorPerson& vp)
pv: count 3
[0] Choon 3 56.7 true ::
[1] Soon  2 87.6 true ::
[2] Chung 4 67.8 true ::

return pv1 
VectorPerson::VectorPerson(const VectorPerson& vp)
count 2
[0] Hong  0 72.1 true ::
[1] Mong  1 65.4 true ::

pv1: count 2
[0] Hong  0 72.1 true ::
[1] Mong  1 65.4 true ::


+++++++++++++ Vector Operator Overload ++++++++++++++
+ 0.Exit 1.operator[] 2.operator! 3.CopyConstructor +
+ 4.operator= 5.operator+ 6.operator=+              +
+++++++++++++++++++++++++++++++++++++++++++++++++++++
Menu item number? 0

+++++++++++++++++++ Operator Overload +++++++++++++++++
+ 0.Exit 1.MemoAdd 2.Equal 3.Add 4.Assign 5.Increment +
+ 6.Shift 7.TypeConversion 8.CurrentUser 9.VectorOOL  +
+++++++++++++++++++++++++++++++++++++++++++++++++++++++
Menu item number? 0

******************************* Main Menu *********************************
* 0.Exit 1.PersonManager(ch3_2, 4, 6)                                     *
* 2.Class:Object(ch3_1) 3.CopyConstructor(ch5_1) 4.AllocatedMember(ch5_2) *
* 5.OperatorOverload(ch7)                                                 *
***************************************************************************
Menu item number? 0
Good bye!!
