
******************************* Main Menu *********************************
* 0.Exit 1.PersonManager(ch3_2, 4, 6)                                     *
* 2.Class:Object(ch3_1) 3.CopyConstructor(ch5_1) 4.AllocatedMember(ch5_2) *
***************************************************************************
Menu item number? 1
Person::Person(...):p0 10 70 false :Gwangju Nam-gu Bongseon-dong 21:
Person::Person(...):p1 11 61.1 true :Jong-ro 1-gil, Jongno-gu, Seoul:
Person::Person(...):p2 12 52.2 false :1001, Jungang-daero, Yeonje-gu, Busan:
Person::Person(...):p3 13 83.3 true :100 Dunsan-ro Seo-gu Daejeon:
Person::Person(...):p4 14 64.4 false :88 Gongpyeong-ro, Jung-gu, Daegu:
VectorPerson::VectorPerson(10)
PersonManager::PersonManager(array[], len)
Person::Person(const Person&):p0 10 70 false :Gwangju Nam-gu Bongseon-dong 21:
Person::Person(const Person&):p1 11 61.1 true :Jong-ro 1-gil, Jongno-gu, Seoul:
Person::Person(const Person&):p2 12 52.2 false :1001, Jungang-daero, Yeonje-gu, Busan:
Person::Person(const Person&):p3 13 83.3 true :100 Dunsan-ro Seo-gu Daejeon:
Person::Person(const Person&):p4 14 64.4 false :88 Gongpyeong-ro, Jung-gu, Daegu:
display(): count 5
[0] p0 10 70 false :Gwangju Nam-gu Bongseon-dong 21:
[1] p1 11 61.1 true :Jong-ro 1-gil, Jongno-gu, Seoul:
[2] p2 12 52.2 false :1001, Jungang-daero, Yeonje-gu, Busan:
[3] p3 13 83.3 true :100 Dunsan-ro Seo-gu Daejeon:
[4] p4 14 64.4 false :88 Gongpyeong-ro, Jung-gu, Daegu:
empty():false, size():5, capacity():10
PersonManager::run() starts

====================== Person Management Menu ===================
= 0.Exit 1.Display 2.Append 3.Clear 4.Login(CurrentUser, ch6)   =
=================================================================
Menu item number? 2
The number of persons to append? 3
Input 3 [person information] :
Person::Person(...): 0 0 false ::
HongGilDong 0 71.5 false :Gwangju Nam-gu Bongseon-dong 21:
Person::Person(...): 0 0 false ::
LeeMongRyong 1 65 true :Jong-ro 1-gil, Jongno-gu, Seoul:
Person::Person(...): 0 0 false ::
LeeSoonShin 2 80 true :1001, Jungang-daero, Yeonje-gu, Busan:
display(): count 8
[0] p0 10 70 false :Gwangju Nam-gu Bongseon-dong 21:
[1] p1 11 61.1 true :Jong-ro 1-gil, Jongno-gu, Seoul:
[2] p2 12 52.2 false :1001, Jungang-daero, Yeonje-gu, Busan:
[3] p3 13 83.3 true :100 Dunsan-ro Seo-gu Daejeon:
[4] p4 14 64.4 false :88 Gongpyeong-ro, Jung-gu, Daegu:
[5] HongGilDong 0 71.5 false :Gwangju Nam-gu Bongseon-dong 21:
[6] LeeMongRyong 1 65 true :Jong-ro 1-gil, Jongno-gu, Seoul:
[7] LeeSoonShin 2 80 true :1001, Jungang-daero, Yeonje-gu, Busan:
empty():false, size():8, capacity():10

====================== Person Management Menu ===================
= 0.Exit 1.Display 2.Append 3.Clear 4.Login(CurrentUser, ch6)   =
=================================================================
Menu item number? 4
user name: p3
password: 

+++++++++++++++++++++ Current User Menu ++++++++++++++++++++++++
+ 0.Logout 1.Display 2.Getter 3.Setter 4.Set 5.WhatAreYouDoing +
+ 6.IsSame 7.InputPerson 8.ChangePasswd(4_2) 9.ManageMemo(4_3) +
+ 10.DefaultParameter(6_1) 11.StaticMember(6_1)                +
++++++++++++++++++++++++++++++++++++++++++++++++++++++++++++++++
Menu item number? 7
input person information:
user 1 71.1 true :Gwangju Nam-ro 21:
user 1 71.1 true :Gwangju Nam-ro 21:

+++++++++++++++++++++ Current User Menu ++++++++++++++++++++++++
+ 0.Logout 1.Display 2.Getter 3.Setter 4.Set 5.WhatAreYouDoing +
+ 6.IsSame 7.InputPerson 8.ChangePasswd(4_2) 9.ManageMemo(4_3) +
+ 10.DefaultParameter(6_1) 11.StaticMember(6_1)                +
++++++++++++++++++++++++++++++++++++++++++++++++++++++++++++++++
Menu item number? 0

====================== Person Management Menu ===================
= 0.Exit 1.Display 2.Append 3.Clear 4.Login(CurrentUser, ch6)   =
=================================================================
Menu item number? 0
PersonManager::run() returned
Person::~Person():p0 10 70 false :Gwangju Nam-gu Bongseon-dong 21:
Person::~Person():p1 11 61.1 true :Jong-ro 1-gil, Jongno-gu, Seoul:
Person::~Person():p2 12 52.2 false :1001, Jungang-daero, Yeonje-gu, Busan:
Person::~Person():user 1 71.1 true :Gwangju Nam-ro 21:
Person::~Person():p4 14 64.4 false :88 Gongpyeong-ro, Jung-gu, Daegu:
Person::~Person():HongGilDong 0 71.5 false :Gwangju Nam-gu Bongseon-dong 21:
Person::~Person():LeeMongRyong 1 65 true :Jong-ro 1-gil, Jongno-gu, Seoul:
Person::~Person():LeeSoonShin 2 80 true :1001, Jungang-daero, Yeonje-gu, Busan:
VectorPerson::~VectorPerson(): pVector deleted
Person::~Person():p4 14 64.4 false :88 Gongpyeong-ro, Jung-gu, Daegu:
Person::~Person():p3 13 83.3 true :100 Dunsan-ro Seo-gu Daejeon:
Person::~Person():p2 12 52.2 false :1001, Jungang-daero, Yeonje-gu, Busan:
Person::~Person():p1 11 61.1 true :Jong-ro 1-gil, Jongno-gu, Seoul:
Person::~Person():p0 10 70 false :Gwangju Nam-gu Bongseon-dong 21:

******************************* Main Menu *********************************
* 0.Exit 1.PersonManager(ch3_2, 4, 6)                                     *
* 2.Class:Object(ch3_1) 3.CopyConstructor(ch5_1) 4.AllocatedMember(ch5_2) *
***************************************************************************
Menu item number? 0
Good bye!!
